// Jest Snapshot v1, https://goo.gl/fbAQLP

exports[`Landing component should match snapshot 1`] = `
ShallowWrapper {
  "length": 1,
  Symbol(enzyme.__root__): [Circular],
  Symbol(enzyme.__unrendered__): <Landing
    featureBeer={Object {}}
    featureBrewery={Object {}}
    getBrewery={[Function]}
    getFeatures={[Function]}
    searchAll={[Function]}
    searchCity={[Function]}
/>,
  Symbol(enzyme.__renderer__): Object {
    "batchedUpdates": [Function],
    "getNode": [Function],
    "render": [Function],
    "simulateEvent": [Function],
    "unmount": [Function],
  },
  Symbol(enzyme.__node__): Object {
    "instance": null,
    "key": null,
    "nodeType": "host",
    "props": Object {
      "children": Array [
        <div
          className="search-area"
>
          <h1>
                    Search for Beers & Breweries
          </h1>
          <div
                    className="search-container"
          >
                    <input
                              onChange={[Function]}
                              placeholder="Search"
                    />
                    <Link
                              replace={false}
                              to="/searchresults"
                    >
                              <button
                                        onClick={[Function]}
                              >
                                        Beers
                              </button>
                              <button
                                        onClick={[Function]}
                              >
                                        Breweries
                              </button>
                              <button
                                        onClick={[Function]}
                              >
                                        City
                              </button>
                    </Link>
          </div>
</div>,
        <div
          className="feature-section"
>
          <FeatureBrewery
                    featureBrewery={Object {}}
                    getBrewery={[Function]}
          />
          <FeatureBeer
                    featureBeer={Object {}}
                    setCurrentBeer={undefined}
          />
</div>,
        <footer>
          <h3>
                    © Robbie Greiner 2017
          </h3>
</footer>,
      ],
      "className": "landing",
    },
    "ref": null,
    "rendered": Array [
      Object {
        "instance": null,
        "key": null,
        "nodeType": "host",
        "props": Object {
          "children": Array [
            <h1>
              Search for Beers & Breweries
</h1>,
            <div
              className="search-container"
>
              <input
                            onChange={[Function]}
                            placeholder="Search"
              />
              <Link
                            replace={false}
                            to="/searchresults"
              >
                            <button
                                          onClick={[Function]}
                            >
                                          Beers
                            </button>
                            <button
                                          onClick={[Function]}
                            >
                                          Breweries
                            </button>
                            <button
                                          onClick={[Function]}
                            >
                                          City
                            </button>
              </Link>
</div>,
          ],
          "className": "search-area",
        },
        "ref": null,
        "rendered": Array [
          Object {
            "instance": null,
            "key": null,
            "nodeType": "host",
            "props": Object {
              "children": "Search for Beers & Breweries",
            },
            "ref": null,
            "rendered": "Search for Beers & Breweries",
            "type": "h1",
          },
          Object {
            "instance": null,
            "key": null,
            "nodeType": "host",
            "props": Object {
              "children": Array [
                <input
                  onChange={[Function]}
                  placeholder="Search"
/>,
                <Link
                  replace={false}
                  to="/searchresults"
>
                  <button
                                    onClick={[Function]}
                  >
                                    Beers
                  </button>
                  <button
                                    onClick={[Function]}
                  >
                                    Breweries
                  </button>
                  <button
                                    onClick={[Function]}
                  >
                                    City
                  </button>
</Link>,
              ],
              "className": "search-container",
            },
            "ref": null,
            "rendered": Array [
              Object {
                "instance": null,
                "key": null,
                "nodeType": "host",
                "props": Object {
                  "onChange": [Function],
                  "placeholder": "Search",
                },
                "ref": null,
                "rendered": null,
                "type": "input",
              },
              Object {
                "instance": null,
                "key": null,
                "nodeType": "class",
                "props": Object {
                  "children": Array [
                    <button
                      onClick={[Function]}
>
                      Beers
</button>,
                    <button
                      onClick={[Function]}
>
                      Breweries
</button>,
                    <button
                      onClick={[Function]}
>
                      City
</button>,
                  ],
                  "replace": false,
                  "to": "/searchresults",
                },
                "ref": null,
                "rendered": Array [
                  Object {
                    "instance": null,
                    "key": null,
                    "nodeType": "host",
                    "props": Object {
                      "children": "Beers",
                      "onClick": [Function],
                    },
                    "ref": null,
                    "rendered": "Beers",
                    "type": "button",
                  },
                  Object {
                    "instance": null,
                    "key": null,
                    "nodeType": "host",
                    "props": Object {
                      "children": "Breweries",
                      "onClick": [Function],
                    },
                    "ref": null,
                    "rendered": "Breweries",
                    "type": "button",
                  },
                  Object {
                    "instance": null,
                    "key": null,
                    "nodeType": "host",
                    "props": Object {
                      "children": "City",
                      "onClick": [Function],
                    },
                    "ref": null,
                    "rendered": "City",
                    "type": "button",
                  },
                ],
                "type": [Function],
              },
            ],
            "type": "div",
          },
        ],
        "type": "div",
      },
      Object {
        "instance": null,
        "key": null,
        "nodeType": "host",
        "props": Object {
          "children": Array [
            <FeatureBrewery
              featureBrewery={Object {}}
              getBrewery={[Function]}
/>,
            <FeatureBeer
              featureBeer={Object {}}
              setCurrentBeer={undefined}
/>,
          ],
          "className": "feature-section",
        },
        "ref": null,
        "rendered": Array [
          Object {
            "instance": null,
            "key": null,
            "nodeType": "function",
            "props": Object {
              "featureBrewery": Object {},
              "getBrewery": [Function],
            },
            "ref": null,
            "rendered": null,
            "type": [Function],
          },
          Object {
            "instance": null,
            "key": null,
            "nodeType": "function",
            "props": Object {
              "featureBeer": Object {},
              "setCurrentBeer": undefined,
            },
            "ref": null,
            "rendered": null,
            "type": [Function],
          },
        ],
        "type": "div",
      },
      Object {
        "instance": null,
        "key": null,
        "nodeType": "host",
        "props": Object {
          "children": <h3>
            © Robbie Greiner 2017
</h3>,
        },
        "ref": null,
        "rendered": Object {
          "instance": null,
          "key": null,
          "nodeType": "host",
          "props": Object {
            "children": "© Robbie Greiner 2017",
          },
          "ref": null,
          "rendered": "© Robbie Greiner 2017",
          "type": "h3",
        },
        "type": "footer",
      },
    ],
    "type": "div",
  },
  Symbol(enzyme.__nodes__): Array [
    Object {
      "instance": null,
      "key": null,
      "nodeType": "host",
      "props": Object {
        "children": Array [
          <div
            className="search-area"
>
            <h1>
                        Search for Beers & Breweries
            </h1>
            <div
                        className="search-container"
            >
                        <input
                                    onChange={[Function]}
                                    placeholder="Search"
                        />
                        <Link
                                    replace={false}
                                    to="/searchresults"
                        >
                                    <button
                                                onClick={[Function]}
                                    >
                                                Beers
                                    </button>
                                    <button
                                                onClick={[Function]}
                                    >
                                                Breweries
                                    </button>
                                    <button
                                                onClick={[Function]}
                                    >
                                                City
                                    </button>
                        </Link>
            </div>
</div>,
          <div
            className="feature-section"
>
            <FeatureBrewery
                        featureBrewery={Object {}}
                        getBrewery={[Function]}
            />
            <FeatureBeer
                        featureBeer={Object {}}
                        setCurrentBeer={undefined}
            />
</div>,
          <footer>
            <h3>
                        © Robbie Greiner 2017
            </h3>
</footer>,
        ],
        "className": "landing",
      },
      "ref": null,
      "rendered": Array [
        Object {
          "instance": null,
          "key": null,
          "nodeType": "host",
          "props": Object {
            "children": Array [
              <h1>
                Search for Beers & Breweries
</h1>,
              <div
                className="search-container"
>
                <input
                                onChange={[Function]}
                                placeholder="Search"
                />
                <Link
                                replace={false}
                                to="/searchresults"
                >
                                <button
                                                onClick={[Function]}
                                >
                                                Beers
                                </button>
                                <button
                                                onClick={[Function]}
                                >
                                                Breweries
                                </button>
                                <button
                                                onClick={[Function]}
                                >
                                                City
                                </button>
                </Link>
</div>,
            ],
            "className": "search-area",
          },
          "ref": null,
          "rendered": Array [
            Object {
              "instance": null,
              "key": null,
              "nodeType": "host",
              "props": Object {
                "children": "Search for Beers & Breweries",
              },
              "ref": null,
              "rendered": "Search for Beers & Breweries",
              "type": "h1",
            },
            Object {
              "instance": null,
              "key": null,
              "nodeType": "host",
              "props": Object {
                "children": Array [
                  <input
                    onChange={[Function]}
                    placeholder="Search"
/>,
                  <Link
                    replace={false}
                    to="/searchresults"
>
                    <button
                                        onClick={[Function]}
                    >
                                        Beers
                    </button>
                    <button
                                        onClick={[Function]}
                    >
                                        Breweries
                    </button>
                    <button
                                        onClick={[Function]}
                    >
                                        City
                    </button>
</Link>,
                ],
                "className": "search-container",
              },
              "ref": null,
              "rendered": Array [
                Object {
                  "instance": null,
                  "key": null,
                  "nodeType": "host",
                  "props": Object {
                    "onChange": [Function],
                    "placeholder": "Search",
                  },
                  "ref": null,
                  "rendered": null,
                  "type": "input",
                },
                Object {
                  "instance": null,
                  "key": null,
                  "nodeType": "class",
                  "props": Object {
                    "children": Array [
                      <button
                        onClick={[Function]}
>
                        Beers
</button>,
                      <button
                        onClick={[Function]}
>
                        Breweries
</button>,
                      <button
                        onClick={[Function]}
>
                        City
</button>,
                    ],
                    "replace": false,
                    "to": "/searchresults",
                  },
                  "ref": null,
                  "rendered": Array [
                    Object {
                      "instance": null,
                      "key": null,
                      "nodeType": "host",
                      "props": Object {
                        "children": "Beers",
                        "onClick": [Function],
                      },
                      "ref": null,
                      "rendered": "Beers",
                      "type": "button",
                    },
                    Object {
                      "instance": null,
                      "key": null,
                      "nodeType": "host",
                      "props": Object {
                        "children": "Breweries",
                        "onClick": [Function],
                      },
                      "ref": null,
                      "rendered": "Breweries",
                      "type": "button",
                    },
                    Object {
                      "instance": null,
                      "key": null,
                      "nodeType": "host",
                      "props": Object {
                        "children": "City",
                        "onClick": [Function],
                      },
                      "ref": null,
                      "rendered": "City",
                      "type": "button",
                    },
                  ],
                  "type": [Function],
                },
              ],
              "type": "div",
            },
          ],
          "type": "div",
        },
        Object {
          "instance": null,
          "key": null,
          "nodeType": "host",
          "props": Object {
            "children": Array [
              <FeatureBrewery
                featureBrewery={Object {}}
                getBrewery={[Function]}
/>,
              <FeatureBeer
                featureBeer={Object {}}
                setCurrentBeer={undefined}
/>,
            ],
            "className": "feature-section",
          },
          "ref": null,
          "rendered": Array [
            Object {
              "instance": null,
              "key": null,
              "nodeType": "function",
              "props": Object {
                "featureBrewery": Object {},
                "getBrewery": [Function],
              },
              "ref": null,
              "rendered": null,
              "type": [Function],
            },
            Object {
              "instance": null,
              "key": null,
              "nodeType": "function",
              "props": Object {
                "featureBeer": Object {},
                "setCurrentBeer": undefined,
              },
              "ref": null,
              "rendered": null,
              "type": [Function],
            },
          ],
          "type": "div",
        },
        Object {
          "instance": null,
          "key": null,
          "nodeType": "host",
          "props": Object {
            "children": <h3>
              © Robbie Greiner 2017
</h3>,
          },
          "ref": null,
          "rendered": Object {
            "instance": null,
            "key": null,
            "nodeType": "host",
            "props": Object {
              "children": "© Robbie Greiner 2017",
            },
            "ref": null,
            "rendered": "© Robbie Greiner 2017",
            "type": "h3",
          },
          "type": "footer",
        },
      ],
      "type": "div",
    },
  ],
  Symbol(enzyme.__options__): Object {
    "adapter": ReactSixteenAdapter {
      "options": Object {
        "enableComponentDidUpdateOnSetState": true,
      },
    },
  },
}
`;
